#-----------------------------------------------------------
# Webtalk v2021.1 (64-bit)
# SW Build 3247384 on Thu Jun 10 19:36:33 MDT 2021
# IP Build 3246043 on Fri Jun 11 00:30:35 MDT 2021
# Start of session at: Thu Oct  3 09:54:50 2024
# Process ID: 34012
# Current directory: C:/Users/Matt/Documents/Vivado_Projects/MIDI_Interface/MIDI_Interface.sim/sim_1/behav/xsim
# Command line: wbtcv.exe -mode batch -source C:/Users/Matt/Documents/Vivado_Projects/MIDI_Interface/MIDI_Interface.sim/sim_1/behav/xsim/xsim.dir/fifo_adapter_behav/webtalk/xsim_webtalk.tcl -notrace
# Log file: C:/Users/Matt/Documents/Vivado_Projects/MIDI_Interface/MIDI_Interface.sim/sim_1/behav/xsim/webtalk.log
# Journal file: C:/Users/Matt/Documents/Vivado_Projects/MIDI_Interface/MIDI_Interface.sim/sim_1/behav/xsim\webtalk.jou
#-----------------------------------------------------------
source C:/Users/Matt/Documents/Vivado_Projects/MIDI_Interface/MIDI_Interface.sim/sim_1/behav/xsim/xsim.dir/fifo_adapter_behav/webtalk/xsim_webtalk.tcl -notrace
